Archive member included to satisfy reference by file (symbol)

/Users/saptadeeppal/Library/xPacks/@xpack-dev-tools/arm-none-eabi-gcc/10.2.1-1.1.2/.content/bin/../lib/gcc/arm-none-eabi/10.2.1/../../../../arm-none-eabi/lib/thumb/v7-m/nofp/libg_nano.a(lib_a-errno.o)
                              ./system/src/newlib/sbrk.o (__errno)
/Users/saptadeeppal/Library/xPacks/@xpack-dev-tools/arm-none-eabi-gcc/10.2.1-1.1.2/.content/bin/../lib/gcc/arm-none-eabi/10.2.1/../../../../arm-none-eabi/lib/thumb/v7-m/nofp/libg_nano.a(lib_a-impure.o)
                              /Users/saptadeeppal/Library/xPacks/@xpack-dev-tools/arm-none-eabi-gcc/10.2.1-1.1.2/.content/bin/../lib/gcc/arm-none-eabi/10.2.1/../../../../arm-none-eabi/lib/thumb/v7-m/nofp/libg_nano.a(lib_a-errno.o) (_impure_ptr)
/Users/saptadeeppal/Library/xPacks/@xpack-dev-tools/arm-none-eabi-gcc/10.2.1-1.1.2/.content/bin/../lib/gcc/arm-none-eabi/10.2.1/../../../../arm-none-eabi/lib/thumb/v7-m/nofp/libg_nano.a(lib_a-strlen.o)
                              ./system/src/diag/trace.o (strlen)
/Users/saptadeeppal/Library/xPacks/@xpack-dev-tools/arm-none-eabi-gcc/10.2.1-1.1.2/.content/bin/../lib/gcc/arm-none-eabi/10.2.1/../../../../arm-none-eabi/lib/thumb/v7-m/nofp/libg_nano.a(lib_a-vsnprintf.o)
                              ./system/src/diag/trace.o (vsnprintf)
/Users/saptadeeppal/Library/xPacks/@xpack-dev-tools/arm-none-eabi-gcc/10.2.1-1.1.2/.content/bin/../lib/gcc/arm-none-eabi/10.2.1/../../../../arm-none-eabi/lib/thumb/v7-m/nofp/libg_nano.a(lib_a-nano-svfprintf.o)
                              /Users/saptadeeppal/Library/xPacks/@xpack-dev-tools/arm-none-eabi-gcc/10.2.1-1.1.2/.content/bin/../lib/gcc/arm-none-eabi/10.2.1/../../../../arm-none-eabi/lib/thumb/v7-m/nofp/libg_nano.a(lib_a-vsnprintf.o) (_svfprintf_r)
/Users/saptadeeppal/Library/xPacks/@xpack-dev-tools/arm-none-eabi-gcc/10.2.1-1.1.2/.content/bin/../lib/gcc/arm-none-eabi/10.2.1/../../../../arm-none-eabi/lib/thumb/v7-m/nofp/libg_nano.a(lib_a-nano-vfprintf_i.o)
                              /Users/saptadeeppal/Library/xPacks/@xpack-dev-tools/arm-none-eabi-gcc/10.2.1-1.1.2/.content/bin/../lib/gcc/arm-none-eabi/10.2.1/../../../../arm-none-eabi/lib/thumb/v7-m/nofp/libg_nano.a(lib_a-nano-svfprintf.o) (_printf_i)
/Users/saptadeeppal/Library/xPacks/@xpack-dev-tools/arm-none-eabi-gcc/10.2.1-1.1.2/.content/bin/../lib/gcc/arm-none-eabi/10.2.1/../../../../arm-none-eabi/lib/thumb/v7-m/nofp/libg_nano.a(lib_a-memchr-stub.o)
                              /Users/saptadeeppal/Library/xPacks/@xpack-dev-tools/arm-none-eabi-gcc/10.2.1-1.1.2/.content/bin/../lib/gcc/arm-none-eabi/10.2.1/../../../../arm-none-eabi/lib/thumb/v7-m/nofp/libg_nano.a(lib_a-nano-svfprintf.o) (memchr)
/Users/saptadeeppal/Library/xPacks/@xpack-dev-tools/arm-none-eabi-gcc/10.2.1-1.1.2/.content/bin/../lib/gcc/arm-none-eabi/10.2.1/../../../../arm-none-eabi/lib/thumb/v7-m/nofp/libg_nano.a(lib_a-memcpy-stub.o)
                              /Users/saptadeeppal/Library/xPacks/@xpack-dev-tools/arm-none-eabi-gcc/10.2.1-1.1.2/.content/bin/../lib/gcc/arm-none-eabi/10.2.1/../../../../arm-none-eabi/lib/thumb/v7-m/nofp/libg_nano.a(lib_a-nano-svfprintf.o) (memcpy)
/Users/saptadeeppal/Library/xPacks/@xpack-dev-tools/arm-none-eabi-gcc/10.2.1-1.1.2/.content/bin/../lib/gcc/arm-none-eabi/10.2.1/../../../../arm-none-eabi/lib/thumb/v7-m/nofp/libg_nano.a(lib_a-memmove.o)
                              /Users/saptadeeppal/Library/xPacks/@xpack-dev-tools/arm-none-eabi-gcc/10.2.1-1.1.2/.content/bin/../lib/gcc/arm-none-eabi/10.2.1/../../../../arm-none-eabi/lib/thumb/v7-m/nofp/libg_nano.a(lib_a-nano-svfprintf.o) (memmove)
/Users/saptadeeppal/Library/xPacks/@xpack-dev-tools/arm-none-eabi-gcc/10.2.1-1.1.2/.content/bin/../lib/gcc/arm-none-eabi/10.2.1/../../../../arm-none-eabi/lib/thumb/v7-m/nofp/libg_nano.a(lib_a-nano-freer.o)
                              /Users/saptadeeppal/Library/xPacks/@xpack-dev-tools/arm-none-eabi-gcc/10.2.1-1.1.2/.content/bin/../lib/gcc/arm-none-eabi/10.2.1/../../../../arm-none-eabi/lib/thumb/v7-m/nofp/libg_nano.a(lib_a-nano-svfprintf.o) (_free_r)
/Users/saptadeeppal/Library/xPacks/@xpack-dev-tools/arm-none-eabi-gcc/10.2.1-1.1.2/.content/bin/../lib/gcc/arm-none-eabi/10.2.1/../../../../arm-none-eabi/lib/thumb/v7-m/nofp/libg_nano.a(lib_a-nano-mallocr.o)
                              /Users/saptadeeppal/Library/xPacks/@xpack-dev-tools/arm-none-eabi-gcc/10.2.1-1.1.2/.content/bin/../lib/gcc/arm-none-eabi/10.2.1/../../../../arm-none-eabi/lib/thumb/v7-m/nofp/libg_nano.a(lib_a-nano-svfprintf.o) (_malloc_r)
/Users/saptadeeppal/Library/xPacks/@xpack-dev-tools/arm-none-eabi-gcc/10.2.1-1.1.2/.content/bin/../lib/gcc/arm-none-eabi/10.2.1/../../../../arm-none-eabi/lib/thumb/v7-m/nofp/libg_nano.a(lib_a-nano-reallocr.o)
                              /Users/saptadeeppal/Library/xPacks/@xpack-dev-tools/arm-none-eabi-gcc/10.2.1-1.1.2/.content/bin/../lib/gcc/arm-none-eabi/10.2.1/../../../../arm-none-eabi/lib/thumb/v7-m/nofp/libg_nano.a(lib_a-nano-svfprintf.o) (_realloc_r)
[...]
Memory Configuration

Name             Origin             Length             Attributes
FLASH            0x0000000000000000 0x0000000000008000 xr
RAM              0x0000000000008000 0x0000000000008000 xrw
CCMRAM           0x0000000010000000 0x0000000000000000 xrw
FLASHB1          0x0000000000000000 0x0000000000000000 xr
EXTMEMB0         0x0000000000000000 0x0000000000000000 xr
EXTMEMB1         0x0000000000000000 0x0000000000000000 xr
EXTMEMB2         0x0000000000000000 0x0000000000000000 xr
EXTMEMB3         0x0000000000000000 0x0000000000000000 xr
*default*        0x0000000000000000 0xffffffffffffffff

Linker script and memory map

LOAD ./system/src/newlib/assert.o
LOAD ./system/src/newlib/cxx.o
LOAD ./system/src/newlib/exit.o
LOAD ./system/src/newlib/sbrk.o
LOAD ./system/src/newlib/startup.o
LOAD ./system/src/newlib/syscalls.o
LOAD ./system/src/diag/trace-impl.o
LOAD ./system/src/diag/trace.o
LOAD ./system/src/cortexm/exception-handlers.o
LOAD ./system/src/cortexm/initialize-hardware.o
LOAD ./system/src/cortexm/reset-hardware.o
LOAD ./system/src/cmsis/system_DEVICE.o
LOAD ./system/src/cmsis/vectors_DEVICE.o
LOAD ./src/main.o
LOAD ./src/timer.o
LOAD ./src/write.o
LOAD /Users/saptadeeppal/Library/xPacks/@xpack-dev-tools/arm-none-eabi-gcc/10.2.1-1.1.2/.content/bin/../lib/gcc/arm-none-eabi/10.2.1/../../../../arm-none-eabi/lib/thumb/v7-m/nofp/libstdc++_nano.a
LOAD /Users/saptadeeppal/Library/xPacks/@xpack-dev-tools/arm-none-eabi-gcc/10.2.1-1.1.2/.content/bin/../lib/gcc/arm-none-eabi/10.2.1/../../../../arm-none-eabi/lib/thumb/v7-m/nofp/libm.a
START GROUP
LOAD /Users/saptadeeppal/Library/xPacks/@xpack-dev-tools/arm-none-eabi-gcc/10.2.1-1.1.2/.content/bin/../lib/gcc/arm-none-eabi/10.2.1/thumb/v7-m/nofp/libgcc.a
LOAD /Users/saptadeeppal/Library/xPacks/@xpack-dev-tools/arm-none-eabi-gcc/10.2.1-1.1.2/.content/bin/../lib/gcc/arm-none-eabi/10.2.1/../../../../arm-none-eabi/lib/thumb/v7-m/nofp/libg_nano.a
LOAD /Users/saptadeeppal/Library/xPacks/@xpack-dev-tools/arm-none-eabi-gcc/10.2.1-1.1.2/.content/bin/../lib/gcc/arm-none-eabi/10.2.1/../../../../arm-none-eabi/lib/thumb/v7-m/nofp/libc_nano.a
END GROUP
START GROUP
LOAD /Users/saptadeeppal/Library/xPacks/@xpack-dev-tools/arm-none-eabi-gcc/10.2.1-1.1.2/.content/bin/../lib/gcc/arm-none-eabi/10.2.1/thumb/v7-m/nofp/libgcc.a
LOAD /Users/saptadeeppal/Library/xPacks/@xpack-dev-tools/arm-none-eabi-gcc/10.2.1-1.1.2/.content/bin/../lib/gcc/arm-none-eabi/10.2.1/../../../../arm-none-eabi/lib/thumb/v7-m/nofp/libc_nano.a
END GROUP
                0x0000000000010000                __stack = (ORIGIN (RAM) + LENGTH (RAM))
                0x0000000000010000                _estack = __stack
                0x0000000000000400                __Main_Stack_Size = 0x400
                [!provide]                        PROVIDE (_Main_Stack_Size = __Main_Stack_Size)
                0x000000000000fc00                __Main_Stack_Limit = (__stack - __Main_Stack_Size)
                [!provide]                        PROVIDE (_Main_Stack_Limit = __Main_Stack_Limit)
                0x0000000000000100                _Minimum_Stack_Size = 0x100
                0x000000000000812c                PROVIDE (_Heap_Begin = _end_noinit)
                0x000000000000fc00                PROVIDE (_Heap_Limit = (__stack - __Main_Stack_Size))

.isr_vector     0x0000000000000000      0x286
 FILL mask 0xff
                0x0000000000000000                __vectors_start = ABSOLUTE (.)
                0x0000000000000000                __vectors_start__ = ABSOLUTE (.)
 *(.isr_vector)
 .isr_vector    0x0000000000000000       0x44 ./system/src/cmsis/vectors_DEVICE.o
                0x0000000000000000                __isr_vectors
 *(.cfmconfig)
 *(.after_vectors .after_vectors.*)
 .after_vectors
                0x0000000000000044      0x114 ./system/src/newlib/startup.o
                0x0000000000000044                _start
 .after_vectors
                0x0000000000000158      0x12c ./system/src/cortexm/exception-handlers.o
                0x0000000000000158                Reset_Handler
                0x000000000000015e                NMI_Handler
                0x0000000000000162                HardFault_Handler
                0x0000000000000176                HardFault_Handler_C
                0x00000000000001d4                MemManage_Handler
                0x00000000000001d8                BusFault_Handler
                0x00000000000001ec                BusFault_Handler_C
                0x0000000000000220                UsageFault_Handler
                0x0000000000000234                UsageFault_Handler_C
                0x0000000000000268                SVC_Handler
                0x000000000000026c                DebugMon_Handler
                0x0000000000000270                PendSV_Handler
 .after_vectors
                0x0000000000000284        0x2 ./system/src/cmsis/vectors_DEVICE.o
                0x0000000000000284                DeviceInterrupt_Handler
                0x0000000000000284                Default_Handler

.inits          0x0000000000000288       0x28
                0x0000000000000288                __data_regions_array_start = .
                0x0000000000000288        0x4 LONG 0xf84 LOADADDR (.data)
                0x000000000000028c        0x4 LONG 0x8000 ADDR (.data)
                0x0000000000000290        0x4 LONG 0x8088 (ADDR (.data) + SIZEOF (.data))
                0x0000000000000294        0x4 LONG 0xf84 LOADADDR (.data_CCMRAM)
                0x0000000000000298        0x4 LONG 0x10000000 ADDR (.data_CCMRAM)
                0x000000000000029c        0x4 LONG 0x10000000 (ADDR (.data_CCMRAM) + SIZEOF (.data_CCMRAM))
                0x00000000000002a0                __data_regions_array_end = .
                0x00000000000002a0                __bss_regions_array_start = .
                0x00000000000002a0        0x4 LONG 0x8088 ADDR (.bss)
                0x00000000000002a4        0x4 LONG 0x812c (ADDR (.bss) + SIZEOF (.bss))
                0x00000000000002a8        0x4 LONG 0x10000000 ADDR (.bss_CCMRAM)
                0x00000000000002ac        0x4 LONG 0x10000000 (ADDR (.bss_CCMRAM) + SIZEOF (.bss_CCMRAM))
                0x00000000000002b0                __bss_regions_array_end = .
 *(.init)
 *(.fini)
                0x00000000000002b0                . = ALIGN (0x4)
                0x00000000000002b0                PROVIDE (__preinit_array_start = .)
 *(.preinit_array_sysinit .preinit_array_sysinit.*)
 *(.preinit_array_platform .preinit_array_platform.*)
 *(.preinit_array .preinit_array.*)
                0x00000000000002b0                PROVIDE (__preinit_array_end = .)
                0x00000000000002b0                . = ALIGN (0x4)
                0x00000000000002b0                PROVIDE (__init_array_start = .)
 *(SORT_BY_NAME(.init_array.*))
 *(.init_array)
                0x00000000000002b0                PROVIDE (__init_array_end = .)
                0x00000000000002b0                . = ALIGN (0x4)
                0x00000000000002b0                PROVIDE (__fini_array_start = .)
 *(SORT_BY_NAME(.fini_array.*))
 *(.fini_array)
                0x00000000000002b0                PROVIDE (__fini_array_end = .)

.flashtext
 *(.flashtext .flashtext.*)

.text           0x00000000000002b0      0xcd1
 *(.text .text.*)
 .text._exit    0x00000000000002b0        0x2 ./system/src/newlib/exit.o
                0x00000000000002b0                _exit
 *fill*         0x00000000000002b2        0x2 
 .text._sbrk    0x00000000000002b4       0x44 ./system/src/newlib/sbrk.o
                0x00000000000002b4                _sbrk
 .text.__initialize_args
                0x00000000000002f8       0x10 ./system/src/newlib/syscalls.o
                0x00000000000002f8                __initialize_args
 .text._trace_write_semihosting_debug
                0x0000000000000308       0x60 ./system/src/diag/trace-impl.o
 .text.trace_write
                0x0000000000000368        0x8 ./system/src/diag/trace-impl.o
                0x0000000000000368                trace_write
 .text.trace_printf
                0x0000000000000370       0x34 ./system/src/diag/trace.o
                0x0000000000000370                trace_printf
 .text.dumpExceptionStack
                0x00000000000003a4       0xf4 ./system/src/cortexm/exception-handlers.o
                0x00000000000003a4                dumpExceptionStack
 .text.isSemihosting
                0x0000000000000498       0x20 ./system/src/cortexm/exception-handlers.o
                0x0000000000000498                isSemihosting
 .text.__initialize_hardware_early
                0x00000000000004b8       0x18 ./system/src/cortexm/initialize-hardware.o
                0x00000000000004b8                __initialize_hardware_early
 .text.__initialize_hardware
                0x00000000000004d0        0x8 ./system/src/cortexm/initialize-hardware.o
                0x00000000000004d0                __initialize_hardware
 .text.SystemCoreClockUpdate
                0x00000000000004d8       0x10 ./system/src/cmsis/system_DEVICE.o
                0x00000000000004d8                SystemCoreClockUpdate
 .text.SystemInit
                0x00000000000004e8       0x10 ./system/src/cmsis/system_DEVICE.o
                0x00000000000004e8                SystemInit
 .text.main     0x00000000000004f8       0x48 ./src/main.o
                0x00000000000004f8                main
 .text._ZN5timer4tickEv
                0x0000000000000540       0x14 ./src/timer.o
                0x0000000000000540                timer::tick()
 .text.SysTick_Handler
                0x0000000000000554        0x8 ./src/timer.o
                0x0000000000000554                SysTick_Handler
 .text.__errno  0x000000000000055c        0xc /Users/saptadeeppal/Library/xPacks/@xpack-dev-tools/arm-none-eabi-gcc/10.2.1-1.1.2/.content/bin/../lib/gcc/arm-none-eabi/10.2.1/../../../../arm-none-eabi/lib/thumb/v7-m/nofp/libg_nano.a(lib_a-errno.o)
                0x000000000000055c                __errno
 .text._vsnprintf_r
                0x0000000000000568       0x56 /Users/saptadeeppal/Library/xPacks/@xpack-dev-tools/arm-none-eabi-gcc/10.2.1-1.1.2/.content/bin/../lib/gcc/arm-none-eabi/10.2.1/../../../../arm-none-eabi/lib/thumb/v7-m/nofp/libg_nano.a(lib_a-vsnprintf.o)
                0x0000000000000568                _vsnprintf_r
                0x0000000000000568                _vsniprintf_r
 *fill*         0x00000000000005be        0x2 
 .text.vsnprintf
                0x00000000000005c0       0x1c /Users/saptadeeppal/Library/xPacks/@xpack-dev-tools/arm-none-eabi-gcc/10.2.1-1.1.2/.content/bin/../lib/gcc/arm-none-eabi/10.2.1/../../../../arm-none-eabi/lib/thumb/v7-m/nofp/libg_nano.a(lib_a-vsnprintf.o)
                0x00000000000005c0                vsnprintf
                0x00000000000005c0                vsniprintf
 .text.__ssputs_r
                0x00000000000005dc       0xb6 /Users/saptadeeppal/Library/xPacks/@xpack-dev-tools/arm-none-eabi-gcc/10.2.1-1.1.2/.content/bin/../lib/gcc/arm-none-eabi/10.2.1/../../../../arm-none-eabi/lib/thumb/v7-m/nofp/libg_nano.a(lib_a-nano-svfprintf.o)
                0x00000000000005dc                __ssputs_r
 *fill*         0x0000000000000692        0x2 
 .text._svfprintf_r
                0x0000000000000694      0x200 /Users/saptadeeppal/Library/xPacks/@xpack-dev-tools/arm-none-eabi-gcc/10.2.1-1.1.2/.content/bin/../lib/gcc/arm-none-eabi/10.2.1/../../../../arm-none-eabi/lib/thumb/v7-m/nofp/libg_nano.a(lib_a-nano-svfprintf.o)
                0x0000000000000694                _svfprintf_r
                0x0000000000000694                _svfiprintf_r
 .text._printf_common
                0x0000000000000894       0xde /Users/saptadeeppal/Library/xPacks/@xpack-dev-tools/arm-none-eabi-gcc/10.2.1-1.1.2/.content/bin/../lib/gcc/arm-none-eabi/10.2.1/../../../../arm-none-eabi/lib/thumb/v7-m/nofp/libg_nano.a(lib_a-nano-vfprintf_i.o)
                0x0000000000000894                _printf_common
 *fill*         0x0000000000000972        0x2 
 .text._printf_i
                0x0000000000000974      0x24c /Users/saptadeeppal/Library/xPacks/@xpack-dev-tools/arm-none-eabi-gcc/10.2.1-1.1.2/.content/bin/../lib/gcc/arm-none-eabi/10.2.1/../../../../arm-none-eabi/lib/thumb/v7-m/nofp/libg_nano.a(lib_a-nano-vfprintf_i.o)
                0x0000000000000974                _printf_i
 .text.memchr   0x0000000000000bc0       0x1c /Users/saptadeeppal/Library/xPacks/@xpack-dev-tools/arm-none-eabi-gcc/10.2.1-1.1.2/.content/bin/../lib/gcc/arm-none-eabi/10.2.1/../../../../arm-none-eabi/lib/thumb/v7-m/nofp/libg_nano.a(lib_a-memchr-stub.o)
                0x0000000000000bc0                memchr
 .text.memcpy   0x0000000000000bdc       0x1c /Users/saptadeeppal/Library/xPacks/@xpack-dev-tools/arm-none-eabi-gcc/10.2.1-1.1.2/.content/bin/../lib/gcc/arm-none-eabi/10.2.1/../../../../arm-none-eabi/lib/thumb/v7-m/nofp/libg_nano.a(lib_a-memcpy-stub.o)
                0x0000000000000bdc                memcpy
 .text.memmove  0x0000000000000bf8       0x34 /Users/saptadeeppal/Library/xPacks/@xpack-dev-tools/arm-none-eabi-gcc/10.2.1-1.1.2/.content/bin/../lib/gcc/arm-none-eabi/10.2.1/../../../../arm-none-eabi/lib/thumb/v7-m/nofp/libg_nano.a(lib_a-memmove.o)
                0x0000000000000bf8                memmove
 .text._free_r  0x0000000000000c2c       0x90 /Users/saptadeeppal/Library/xPacks/@xpack-dev-tools/arm-none-eabi-gcc/10.2.1-1.1.2/.content/bin/../lib/gcc/arm-none-eabi/10.2.1/../../../../arm-none-eabi/lib/thumb/v7-m/nofp/libg_nano.a(lib_a-nano-freer.o)
                0x0000000000000c2c                _free_r
 .text._malloc_r
                0x0000000000000cbc       0xb4 /Users/saptadeeppal/Library/xPacks/@xpack-dev-tools/arm-none-eabi-gcc/10.2.1-1.1.2/.content/bin/../lib/gcc/arm-none-eabi/10.2.1/../../../../arm-none-eabi/lib/thumb/v7-m/nofp/libg_nano.a(lib_a-nano-mallocr.o)
                0x0000000000000cbc                _malloc_r
 .text._realloc_r
                0x0000000000000d70       0x4c /Users/saptadeeppal/Library/xPacks/@xpack-dev-tools/arm-none-eabi-gcc/10.2.1-1.1.2/.content/bin/../lib/gcc/arm-none-eabi/10.2.1/../../../../arm-none-eabi/lib/thumb/v7-m/nofp/libg_nano.a(lib_a-nano-reallocr.o)
                0x0000000000000d70                _realloc_r
 .text._sbrk_r  0x0000000000000dbc       0x20 /Users/saptadeeppal/Library/xPacks/@xpack-dev-tools/arm-none-eabi-gcc/10.2.1-1.1.2/.content/bin/../lib/gcc/arm-none-eabi/10.2.1/../../../../arm-none-eabi/lib/thumb/v7-m/nofp/libg_nano.a(lib_a-sbrkr.o)
                0x0000000000000dbc                _sbrk_r
 .text.__malloc_lock
                0x0000000000000ddc        0xc /Users/saptadeeppal/Library/xPacks/@xpack-dev-tools/arm-none-eabi-gcc/10.2.1-1.1.2/.content/bin/../lib/gcc/arm-none-eabi/10.2.1/../../../../arm-none-eabi/lib/thumb/v7-m/nofp/libg_nano.a(lib_a-mlock.o)
                0x0000000000000ddc                __malloc_lock
 .text.__malloc_unlock
                0x0000000000000de8        0xc /Users/saptadeeppal/Library/xPacks/@xpack-dev-tools/arm-none-eabi-gcc/10.2.1-1.1.2/.content/bin/../lib/gcc/arm-none-eabi/10.2.1/../../../../arm-none-eabi/lib/thumb/v7-m/nofp/libg_nano.a(lib_a-mlock.o)
                0x0000000000000de8                __malloc_unlock
 .text._malloc_usable_size_r
                0x0000000000000df4       0x10 /Users/saptadeeppal/Library/xPacks/@xpack-dev-tools/arm-none-eabi-gcc/10.2.1-1.1.2/.content/bin/../lib/gcc/arm-none-eabi/10.2.1/../../../../arm-none-eabi/lib/thumb/v7-m/nofp/libg_nano.a(lib_a-nano-msizer.o)
                0x0000000000000df4                _malloc_usable_size_r
 .text.__retarget_lock_acquire_recursive
                0x0000000000000e04        0x2 /Users/saptadeeppal/Library/xPacks/@xpack-dev-tools/arm-none-eabi-gcc/10.2.1-1.1.2/.content/bin/../lib/gcc/arm-none-eabi/10.2.1/../../../../arm-none-eabi/lib/thumb/v7-m/nofp/libg_nano.a(lib_a-lock.o)
                0x0000000000000e04                __retarget_lock_acquire_recursive
 .text.__retarget_lock_release_recursive
                0x0000000000000e06        0x2 /Users/saptadeeppal/Library/xPacks/@xpack-dev-tools/arm-none-eabi-gcc/10.2.1-1.1.2/.content/bin/../lib/gcc/arm-none-eabi/10.2.1/../../../../arm-none-eabi/lib/thumb/v7-m/nofp/libg_nano.a(lib_a-lock.o)
                0x0000000000000e06                __retarget_lock_release_recursive
 *(.rodata .rodata.* .constdata .constdata.*)
 .rodata.dumpExceptionStack.str1.4
                0x0000000000000e08      0x11a ./system/src/cortexm/exception-handlers.o
 *fill*         0x0000000000000f22        0x2 
 .rodata.str1.4
                0x0000000000000f24       0x2a ./system/src/cortexm/exception-handlers.o
 .rodata._svfprintf_r.str1.1
                0x0000000000000f4e       0x11 /Users/saptadeeppal/Library/xPacks/@xpack-dev-tools/arm-none-eabi-gcc/10.2.1-1.1.2/.content/bin/../lib/gcc/arm-none-eabi/10.2.1/../../../../arm-none-eabi/lib/thumb/v7-m/nofp/libg_nano.a(lib_a-nano-svfprintf.o)
 .rodata._printf_i.str1.1
                0x0000000000000f5f       0x22 /Users/saptadeeppal/Library/xPacks/@xpack-dev-tools/arm-none-eabi-gcc/10.2.1-1.1.2/.content/bin/../lib/gcc/arm-none-eabi/10.2.1/../../../../arm-none-eabi/lib/thumb/v7-m/nofp/libg_nano.a(lib_a-nano-vfprintf_i.o)
 *(vtable)
 *(.eh_frame*)
 *(.glue_7)
 .glue_7        0x0000000000000f81        0x0 linker stubs
 *(.glue_7t)
 .glue_7t       0x0000000000000f81        0x0 linker stubs

.vfp11_veneer   0x0000000000000f84        0x0
 .vfp11_veneer  0x0000000000000f84        0x0 linker stubs

.v4_bx          0x0000000000000f84        0x0
 .v4_bx         0x0000000000000f84        0x0 linker stubs

.iplt           0x0000000000000f84        0x0
 .iplt          0x0000000000000f84        0x0 ./system/src/newlib/sbrk.o

.rel.dyn        0x0000000000000f84        0x0
 .rel.iplt      0x0000000000000f84        0x0 ./system/src/newlib/sbrk.o

.ARM.extab
 *(.ARM.extab* .gnu.linkonce.armextab.*)
                0x0000000000000f84                . = ALIGN (0x4)
                0x0000000000000f84                __exidx_start = .

.ARM.exidx
 *(.ARM.exidx* .gnu.linkonce.armexidx.*)
                0x0000000000000f84                __exidx_end = .
                0x0000000000000f84                . = ALIGN (0x4)
                0x0000000000000f84                _etext = .
                0x0000000000000f84                __etext = .

.data_CCMRAM    0x0000000010000000        0x0 load address 0x0000000000000f84
 FILL mask 0xff
 *(.data.CCMRAM .data.CCMRAM.*)
                0x0000000010000000                . = ALIGN (0x4)
                0x0000000000000f84                _sidata = LOADADDR (.data)

.data           0x0000000000008000       0x88 load address 0x0000000000000f84
 FILL mask 0xff
                0x0000000000008000                _sdata = .
                0x0000000000008000                __data_start__ = .
 *(.data_begin .data_begin.*)
 .data_begin    0x0000000000008000        0x4 ./system/src/newlib/startup.o
 *(.data .data.*)
 .data.argv.1   0x0000000000008004        0x8 ./system/src/newlib/syscalls.o
 .data.SystemCoreClock
                0x000000000000800c        0x4 ./system/src/cmsis/system_DEVICE.o
                0x000000000000800c                SystemCoreClock
 .data.LEDs     0x0000000000008010        0x4 ./src/main.o
                0x0000000000008010                LEDs
 .data.MASK     0x0000000000008014        0x4 ./src/main.o
                0x0000000000008014                MASK
 .data.core_id  0x0000000000008018        0x4 ./src/main.o
                0x0000000000008018                core_id
 .data.output1  0x000000000000801c        0x4 ./src/main.o
                0x000000000000801c                output1
 .data._impure_ptr
                0x0000000000008020        0x4 /Users/saptadeeppal/Library/xPacks/@xpack-dev-tools/arm-none-eabi-gcc/10.2.1-1.1.2/.content/bin/../lib/gcc/arm-none-eabi/10.2.1/../../../../arm-none-eabi/lib/thumb/v7-m/nofp/libg_nano.a(lib_a-impure.o)
                0x0000000000008020                _impure_ptr
 .data.impure_data
                0x0000000000008024       0x60 /Users/saptadeeppal/Library/xPacks/@xpack-dev-tools/arm-none-eabi-gcc/10.2.1-1.1.2/.content/bin/../lib/gcc/arm-none-eabi/10.2.1/../../../../arm-none-eabi/lib/thumb/v7-m/nofp/libg_nano.a(lib_a-impure.o)
 *(.data_end .data_end.*)
 .data_end      0x0000000000008084        0x4 ./system/src/newlib/startup.o
                0x0000000000008088                . = ALIGN (0x4)
                0x0000000000008088                _edata = .
                0x0000000000008088                __data_end__ = .

.igot.plt       0x0000000000008088        0x0 load address 0x000000000000100c
 .igot.plt      0x0000000000008088        0x0 ./system/src/newlib/sbrk.o

.bss_CCMRAM     0x0000000010000000        0x0
 *(.bss.CCMRAM .bss.CCMRAM.*)

.bss            0x0000000000008088       0xa4
                0x0000000000008088                __bss_start__ = .
                0x0000000000008088                _sbss = .
 *(.bss_begin .bss_begin.*)
 .bss_begin     0x0000000000008088        0x4 ./system/src/newlib/startup.o
 *(.bss .bss.*)
 .bss.current_heap_end.0
                0x000000000000808c        0x4 ./system/src/newlib/sbrk.o
 .bss.errno     0x0000000000008090        0x4 ./system/src/newlib/syscalls.o
                0x0000000000008090                errno
 .bss.name.0    0x0000000000008094        0x1 ./system/src/newlib/syscalls.o
 *fill*         0x0000000000008095        0x3 
 .bss.buf.0     0x0000000000008098       0x80 ./system/src/diag/trace.o
 .bss._ZN5timer13ms_delayCountE
                0x0000000000008118        0x4 ./src/timer.o
                0x0000000000008118                timer::ms_delayCount
 .bss.__malloc_free_list
                0x000000000000811c        0x4 /Users/saptadeeppal/Library/xPacks/@xpack-dev-tools/arm-none-eabi-gcc/10.2.1-1.1.2/.content/bin/../lib/gcc/arm-none-eabi/10.2.1/../../../../arm-none-eabi/lib/thumb/v7-m/nofp/libg_nano.a(lib_a-nano-mallocr.o)
                0x000000000000811c                __malloc_free_list
 .bss.__malloc_sbrk_start
                0x0000000000008120        0x4 /Users/saptadeeppal/Library/xPacks/@xpack-dev-tools/arm-none-eabi-gcc/10.2.1-1.1.2/.content/bin/../lib/gcc/arm-none-eabi/10.2.1/../../../../arm-none-eabi/lib/thumb/v7-m/nofp/libg_nano.a(lib_a-nano-mallocr.o)
                0x0000000000008120                __malloc_sbrk_start
 .bss.__lock___malloc_recursive_mutex
                0x0000000000008124        0x1 /Users/saptadeeppal/Library/xPacks/@xpack-dev-tools/arm-none-eabi-gcc/10.2.1-1.1.2/.content/bin/../lib/gcc/arm-none-eabi/10.2.1/../../../../arm-none-eabi/lib/thumb/v7-m/nofp/libg_nano.a(lib_a-lock.o)
                0x0000000000008124                __lock___malloc_recursive_mutex
 *(COMMON)
 *(.bss_end .bss_end.*)
 *fill*         0x0000000000008125        0x3 
 .bss_end       0x0000000000008128        0x4 ./system/src/newlib/startup.o
                0x000000000000812c                . = ALIGN (0x4)
                0x000000000000812c                __bss_end__ = .
                0x000000000000812c                _ebss = .

.noinit_CCMRAM
 *(.noinit.CCMRAM .noinit.CCMRAM.*)

.noinit         0x000000000000812c        0x0
                0x000000000000812c                _noinit = .
 *(.noinit .noinit.*)
                0x000000000000812c                . = ALIGN (0x4)
                0x000000000000812c                _end_noinit = .
                [!provide]                        PROVIDE (end = _end_noinit)
                [!provide]                        PROVIDE (_end = _end_noinit)
                [!provide]                        PROVIDE (__end = _end_noinit)
                [!provide]                        PROVIDE (__end__ = _end_noinit)

._check_stack   0x000000000000812c      0x100
                0x000000000000822c                . = (. + _Minimum_Stack_Size)
 *fill*         0x000000000000812c      0x100 

.b1text
 *(.b1text)
 *(.b1rodata)
 *(.b1rodata.*)

.eb0text
 *(.eb0text)
 *(.eb0rodata)
 *(.eb0rodata.*)

.eb1text
 *(.eb1text)
 *(.eb1rodata)
 *(.eb1rodata.*)

.eb2text
 *(.eb2text)
 *(.eb2rodata)
 *(.eb2rodata.*)

.eb3text
 *(.eb3text)
 *(.eb3rodata)
 *(.eb3rodata.*)

.stab
 *(.stab)

.stabstr
 *(.stabstr)

.stab.excl
 *(.stab.excl)

.stab.exclstr
 *(.stab.exclstr)

.stab.index
 *(.stab.index)

.stab.indexstr
 *(.stab.indexstr)

.comment        0x0000000000000000       0x44
 *(.comment)
 .comment       0x0000000000000000       0x44 ./system/src/newlib/exit.o
                                         0x45 (size before relaxing)
 .comment       0x0000000000000044       0x45 ./system/src/newlib/sbrk.o
 .comment       0x0000000000000044       0x45 ./system/src/newlib/startup.o
 .comment       0x0000000000000044       0x45 ./system/src/newlib/syscalls.o
 .comment       0x0000000000000044       0x45 ./system/src/diag/trace-impl.o
 .comment       0x0000000000000044       0x45 ./system/src/diag/trace.o
 .comment       0x0000000000000044       0x45 ./system/src/cortexm/exception-handlers.o
 .comment       0x0000000000000044       0x45 ./system/src/cortexm/initialize-hardware.o
 .comment       0x0000000000000044       0x45 ./system/src/cmsis/system_DEVICE.o
 .comment       0x0000000000000044       0x45 ./system/src/cmsis/vectors_DEVICE.o
 .comment       0x0000000000000044       0x45 ./src/main.o
 .comment       0x0000000000000044       0x45 ./src/timer.o

.ARM.attributes
                0x0000000000000000       0x2b
 .ARM.attributes
                0x0000000000000000       0x2d ./system/src/newlib/exit.o
 .ARM.attributes
                0x000000000000002d       0x2d ./system/src/newlib/sbrk.o
 .ARM.attributes
                0x000000000000005a       0x2d ./system/src/newlib/startup.o
 .ARM.attributes
                0x0000000000000087       0x2d ./system/src/newlib/syscalls.o
 .ARM.attributes
                0x00000000000000b4       0x2d ./system/src/diag/trace-impl.o
 .ARM.attributes
                0x00000000000000e1       0x2d ./system/src/diag/trace.o
 .ARM.attributes
                0x000000000000010e       0x2d ./system/src/cortexm/exception-handlers.o
 .ARM.attributes
                0x000000000000013b       0x2d ./system/src/cortexm/initialize-hardware.o
 .ARM.attributes
                0x0000000000000168       0x2d ./system/src/cmsis/system_DEVICE.o
 .ARM.attributes
                0x0000000000000195       0x2d ./system/src/cmsis/vectors_DEVICE.o
 .ARM.attributes
                0x00000000000001c2       0x2d ./src/main.o
 .ARM.attributes
                0x00000000000001ef       0x2d ./src/timer.o
 .ARM.attributes
                0x000000000000021c       0x2d /Users/saptadeeppal/Library/xPacks/@xpack-dev-tools/arm-none-eabi-gcc/10.2.1-1.1.2/.content/bin/../lib/gcc/arm-none-eabi/10.2.1/../../../../arm-none-eabi/lib/thumb/v7-m/nofp/libg_nano.a(lib_a-errno.o)
 .ARM.attributes
                0x0000000000000249       0x2d /Users/saptadeeppal/Library/xPacks/@xpack-dev-tools/arm-none-eabi-gcc/10.2.1-1.1.2/.content/bin/../lib/gcc/arm-none-eabi/10.2.1/../../../../arm-none-eabi/lib/thumb/v7-m/nofp/libg_nano.a(lib_a-impure.o)
 .ARM.attributes
                0x0000000000000276       0x2d /Users/saptadeeppal/Library/xPacks/@xpack-dev-tools/arm-none-eabi-gcc/10.2.1-1.1.2/.content/bin/../lib/gcc/arm-none-eabi/10.2.1/../../../../arm-none-eabi/lib/thumb/v7-m/nofp/libg_nano.a(lib_a-vsnprintf.o)
 .ARM.attributes
                0x00000000000002a3       0x2d /Users/saptadeeppal/Library/xPacks/@xpack-dev-tools/arm-none-eabi-gcc/10.2.1-1.1.2/.content/bin/../lib/gcc/arm-none-eabi/10.2.1/../../../../arm-none-eabi/lib/thumb/v7-m/nofp/libg_nano.a(lib_a-nano-svfprintf.o)
 .ARM.attributes
                0x00000000000002d0       0x2d /Users/saptadeeppal/Library/xPacks/@xpack-dev-tools/arm-none-eabi-gcc/10.2.1-1.1.2/.content/bin/../lib/gcc/arm-none-eabi/10.2.1/../../../../arm-none-eabi/lib/thumb/v7-m/nofp/libg_nano.a(lib_a-nano-vfprintf_i.o)
 .ARM.attributes
                0x00000000000002fd       0x2d /Users/saptadeeppal/Library/xPacks/@xpack-dev-tools/arm-none-eabi-gcc/10.2.1-1.1.2/.content/bin/../lib/gcc/arm-none-eabi/10.2.1/../../../../arm-none-eabi/lib/thumb/v7-m/nofp/libg_nano.a(lib_a-memchr-stub.o)
 .ARM.attributes
                0x000000000000032a       0x2d /Users/saptadeeppal/Library/xPacks/@xpack-dev-tools/arm-none-eabi-gcc/10.2.1-1.1.2/.content/bin/../lib/gcc/arm-none-eabi/10.2.1/../../../../arm-none-eabi/lib/thumb/v7-m/nofp/libg_nano.a(lib_a-memcpy-stub.o)
 .ARM.attributes
                0x0000000000000357       0x2d /Users/saptadeeppal/Library/xPacks/@xpack-dev-tools/arm-none-eabi-gcc/10.2.1-1.1.2/.content/bin/../lib/gcc/arm-none-eabi/10.2.1/../../../../arm-none-eabi/lib/thumb/v7-m/nofp/libg_nano.a(lib_a-memmove.o)
 .ARM.attributes
                0x0000000000000384       0x2d /Users/saptadeeppal/Library/xPacks/@xpack-dev-tools/arm-none-eabi-gcc/10.2.1-1.1.2/.content/bin/../lib/gcc/arm-none-eabi/10.2.1/../../../../arm-none-eabi/lib/thumb/v7-m/nofp/libg_nano.a(lib_a-nano-freer.o)
 .ARM.attributes
                0x00000000000003b1       0x2d /Users/saptadeeppal/Library/xPacks/@xpack-dev-tools/arm-none-eabi-gcc/10.2.1-1.1.2/.content/bin/../lib/gcc/arm-none-eabi/10.2.1/../../../../arm-none-eabi/lib/thumb/v7-m/nofp/libg_nano.a(lib_a-nano-mallocr.o)
 .ARM.attributes
                0x00000000000003de       0x2d /Users/saptadeeppal/Library/xPacks/@xpack-dev-tools/arm-none-eabi-gcc/10.2.1-1.1.2/.content/bin/../lib/gcc/arm-none-eabi/10.2.1/../../../../arm-none-eabi/lib/thumb/v7-m/nofp/libg_nano.a(lib_a-nano-reallocr.o)
 .ARM.attributes
                0x000000000000040b       0x2d /Users/saptadeeppal/Library/xPacks/@xpack-dev-tools/arm-none-eabi-gcc/10.2.1-1.1.2/.content/bin/../lib/gcc/arm-none-eabi/10.2.1/../../../../arm-none-eabi/lib/thumb/v7-m/nofp/libg_nano.a(lib_a-sbrkr.o)
 .ARM.attributes
                0x0000000000000438       0x2d /Users/saptadeeppal/Library/xPacks/@xpack-dev-tools/arm-none-eabi-gcc/10.2.1-1.1.2/.content/bin/../lib/gcc/arm-none-eabi/10.2.1/../../../../arm-none-eabi/lib/thumb/v7-m/nofp/libg_nano.a(lib_a-mlock.o)
 .ARM.attributes
                0x0000000000000465       0x2d /Users/saptadeeppal/Library/xPacks/@xpack-dev-tools/arm-none-eabi-gcc/10.2.1-1.1.2/.content/bin/../lib/gcc/arm-none-eabi/10.2.1/../../../../arm-none-eabi/lib/thumb/v7-m/nofp/libg_nano.a(lib_a-nano-msizer.o)
 .ARM.attributes
                0x0000000000000492       0x2d /Users/saptadeeppal/Library/xPacks/@xpack-dev-tools/arm-none-eabi-gcc/10.2.1-1.1.2/.content/bin/../lib/gcc/arm-none-eabi/10.2.1/../../../../arm-none-eabi/lib/thumb/v7-m/nofp/libg_nano.a(lib_a-lock.o)

.debug
 *(.debug)

.line
 *(.line)

.debug_srcinfo
 *(.debug_srcinfo)

.debug_sfnames
 *(.debug_sfnames)

.debug_aranges  0x0000000000000000      0x278
 *(.debug_aranges)
 .debug_aranges
                0x0000000000000000       0x28 ./system/src/newlib/exit.o
 .debug_aranges
                0x0000000000000028       0x20 ./system/src/newlib/sbrk.o
 .debug_aranges
                0x0000000000000048       0x40 ./system/src/newlib/startup.o
 .debug_aranges
                0x0000000000000088       0x30 ./system/src/newlib/syscalls.o
 .debug_aranges
                0x00000000000000b8       0x30 ./system/src/diag/trace-impl.o
 .debug_aranges
                0x00000000000000e8       0x38 ./system/src/diag/trace.o
 .debug_aranges
                0x0000000000000120       0x90 ./system/src/cortexm/exception-handlers.o
 .debug_aranges
                0x00000000000001b0       0x28 ./system/src/cortexm/initialize-hardware.o
 .debug_aranges
                0x00000000000001d8       0x28 ./system/src/cmsis/system_DEVICE.o
 .debug_aranges
                0x0000000000000200       0x20 ./system/src/cmsis/vectors_DEVICE.o
 .debug_aranges
                0x0000000000000220       0x20 ./src/main.o
 .debug_aranges
                0x0000000000000240       0x38 ./src/timer.o

.debug_pubnames
 *(.debug_pubnames)

.debug_info     0x0000000000000000     0x2c28
 *(.debug_info .gnu.linkonce.wi.*)
 .debug_info    0x0000000000000000       0xf2 ./system/src/newlib/exit.o
 .debug_info    0x00000000000000f2      0x112 ./system/src/newlib/sbrk.o
 .debug_info    0x0000000000000204      0x4ae ./system/src/newlib/startup.o
 .debug_info    0x00000000000006b2      0x1d5 ./system/src/newlib/syscalls.o
 .debug_info    0x0000000000000887      0x320 ./system/src/diag/trace-impl.o
 .debug_info    0x0000000000000ba7      0x30b ./system/src/diag/trace.o
 .debug_info    0x0000000000000eb2      0x968 ./system/src/cortexm/exception-handlers.o
 .debug_info    0x000000000000181a      0x2ac ./system/src/cortexm/initialize-hardware.o
 .debug_info    0x0000000000001ac6       0xba ./system/src/cmsis/system_DEVICE.o
 .debug_info    0x0000000000001b80       0xcd ./system/src/cmsis/vectors_DEVICE.o
 .debug_info    0x0000000000001c4d      0x9c7 ./src/main.o
 .debug_info    0x0000000000002614      0x614 ./src/timer.o

.debug_abbrev   0x0000000000000000     0x10d3
 *(.debug_abbrev)
 .debug_abbrev  0x0000000000000000       0x97 ./system/src/newlib/exit.o
 .debug_abbrev  0x0000000000000097       0xcd ./system/src/newlib/sbrk.o
 .debug_abbrev  0x0000000000000164      0x1b1 ./system/src/newlib/startup.o
 .debug_abbrev  0x0000000000000315      0x10e ./system/src/newlib/syscalls.o
 .debug_abbrev  0x0000000000000423      0x1eb ./system/src/diag/trace-impl.o
 .debug_abbrev  0x000000000000060e      0x173 ./system/src/diag/trace.o
 .debug_abbrev  0x0000000000000781      0x267 ./system/src/cortexm/exception-handlers.o
 .debug_abbrev  0x00000000000009e8       0xe9 ./system/src/cortexm/initialize-hardware.o
 .debug_abbrev  0x0000000000000ad1       0x78 ./system/src/cmsis/system_DEVICE.o
 .debug_abbrev  0x0000000000000b49       0xa5 ./system/src/cmsis/vectors_DEVICE.o
 .debug_abbrev  0x0000000000000bee      0x204 ./src/main.o
 .debug_abbrev  0x0000000000000df2      0x2e1 ./src/timer.o

.debug_line     0x0000000000000000     0x3305
 *(.debug_line)
 .debug_line    0x0000000000000000      0x401 ./system/src/newlib/exit.o
 .debug_line    0x0000000000000401      0x3eb ./system/src/newlib/sbrk.o
 .debug_line    0x00000000000007ec      0x669 ./system/src/newlib/startup.o
 .debug_line    0x0000000000000e55      0x521 ./system/src/newlib/syscalls.o
 .debug_line    0x0000000000001376      0x548 ./system/src/diag/trace-impl.o
 .debug_line    0x00000000000018be      0x4de ./system/src/diag/trace.o
 .debug_line    0x0000000000001d9c      0x77d ./system/src/cortexm/exception-handlers.o
 .debug_line    0x0000000000002519      0x1ad ./system/src/cortexm/initialize-hardware.o
 .debug_line    0x00000000000026c6      0x194 ./system/src/cmsis/system_DEVICE.o
 .debug_line    0x000000000000285a      0x13b ./system/src/cmsis/vectors_DEVICE.o
 .debug_line    0x0000000000002995      0x703 ./src/main.o
 .debug_line    0x0000000000003098      0x26d ./src/timer.o

.debug_frame    0x0000000000000000      0x828
 *(.debug_frame)
 .debug_frame   0x0000000000000000       0x38 ./system/src/newlib/exit.o
 .debug_frame   0x0000000000000038       0x28 ./system/src/newlib/sbrk.o
 .debug_frame   0x0000000000000060       0x7c ./system/src/newlib/startup.o
 .debug_frame   0x00000000000000dc       0x50 ./system/src/newlib/syscalls.o
 .debug_frame   0x000000000000012c       0x64 ./system/src/diag/trace-impl.o
 .debug_frame   0x0000000000000190       0x94 ./system/src/diag/trace.o
 .debug_frame   0x0000000000000224      0x158 ./system/src/cortexm/exception-handlers.o
 .debug_frame   0x000000000000037c       0x40 ./system/src/cortexm/initialize-hardware.o
 .debug_frame   0x00000000000003bc       0x30 ./system/src/cmsis/system_DEVICE.o
 .debug_frame   0x00000000000003ec       0x20 ./system/src/cmsis/vectors_DEVICE.o
 .debug_frame   0x000000000000040c       0x20 ./src/main.o
 .debug_frame   0x000000000000042c       0x58 ./src/timer.o
 .debug_frame   0x0000000000000484       0x20 /Users/saptadeeppal/Library/xPacks/@xpack-dev-tools/arm-none-eabi-gcc/10.2.1-1.1.2/.content/bin/../lib/gcc/arm-none-eabi/10.2.1/../../../../arm-none-eabi/lib/thumb/v7-m/nofp/libg_nano.a(lib_a-errno.o)
 .debug_frame   0x00000000000004a4       0x4c /Users/saptadeeppal/Library/xPacks/@xpack-dev-tools/arm-none-eabi-gcc/10.2.1-1.1.2/.content/bin/../lib/gcc/arm-none-eabi/10.2.1/../../../../arm-none-eabi/lib/thumb/v7-m/nofp/libg_nano.a(lib_a-vsnprintf.o)
 .debug_frame   0x00000000000004f0       0x90 /Users/saptadeeppal/Library/xPacks/@xpack-dev-tools/arm-none-eabi-gcc/10.2.1-1.1.2/.content/bin/../lib/gcc/arm-none-eabi/10.2.1/../../../../arm-none-eabi/lib/thumb/v7-m/nofp/libg_nano.a(lib_a-nano-svfprintf.o)
 .debug_frame   0x0000000000000580       0x60 /Users/saptadeeppal/Library/xPacks/@xpack-dev-tools/arm-none-eabi-gcc/10.2.1-1.1.2/.content/bin/../lib/gcc/arm-none-eabi/10.2.1/../../../../arm-none-eabi/lib/thumb/v7-m/nofp/libg_nano.a(lib_a-nano-vfprintf_i.o)
 .debug_frame   0x00000000000005e0       0x28 /Users/saptadeeppal/Library/xPacks/@xpack-dev-tools/arm-none-eabi-gcc/10.2.1-1.1.2/.content/bin/../lib/gcc/arm-none-eabi/10.2.1/../../../../arm-none-eabi/lib/thumb/v7-m/nofp/libg_nano.a(lib_a-memchr-stub.o)
 .debug_frame   0x0000000000000608       0x28 /Users/saptadeeppal/Library/xPacks/@xpack-dev-tools/arm-none-eabi-gcc/10.2.1-1.1.2/.content/bin/../lib/gcc/arm-none-eabi/10.2.1/../../../../arm-none-eabi/lib/thumb/v7-m/nofp/libg_nano.a(lib_a-memcpy-stub.o)
 .debug_frame   0x0000000000000630       0x28 /Users/saptadeeppal/Library/xPacks/@xpack-dev-tools/arm-none-eabi-gcc/10.2.1-1.1.2/.content/bin/../lib/gcc/arm-none-eabi/10.2.1/../../../../arm-none-eabi/lib/thumb/v7-m/nofp/libg_nano.a(lib_a-memmove.o)
 .debug_frame   0x0000000000000658       0x38 /Users/saptadeeppal/Library/xPacks/@xpack-dev-tools/arm-none-eabi-gcc/10.2.1-1.1.2/.content/bin/../lib/gcc/arm-none-eabi/10.2.1/../../../../arm-none-eabi/lib/thumb/v7-m/nofp/libg_nano.a(lib_a-nano-freer.o)
 .debug_frame   0x0000000000000690       0x30 /Users/saptadeeppal/Library/xPacks/@xpack-dev-tools/arm-none-eabi-gcc/10.2.1-1.1.2/.content/bin/../lib/gcc/arm-none-eabi/10.2.1/../../../../arm-none-eabi/lib/thumb/v7-m/nofp/libg_nano.a(lib_a-nano-mallocr.o)
 .debug_frame   0x00000000000006c0       0x3c /Users/saptadeeppal/Library/xPacks/@xpack-dev-tools/arm-none-eabi-gcc/10.2.1-1.1.2/.content/bin/../lib/gcc/arm-none-eabi/10.2.1/../../../../arm-none-eabi/lib/thumb/v7-m/nofp/libg_nano.a(lib_a-nano-reallocr.o)
 .debug_frame   0x00000000000006fc       0x2c /Users/saptadeeppal/Library/xPacks/@xpack-dev-tools/arm-none-eabi-gcc/10.2.1-1.1.2/.content/bin/../lib/gcc/arm-none-eabi/10.2.1/../../../../arm-none-eabi/lib/thumb/v7-m/nofp/libg_nano.a(lib_a-sbrkr.o)
 .debug_frame   0x0000000000000728       0x30 /Users/saptadeeppal/Library/xPacks/@xpack-dev-tools/arm-none-eabi-gcc/10.2.1-1.1.2/.content/bin/../lib/gcc/arm-none-eabi/10.2.1/../../../../arm-none-eabi/lib/thumb/v7-m/nofp/libg_nano.a(lib_a-mlock.o)
 .debug_frame   0x0000000000000758       0x20 /Users/saptadeeppal/Library/xPacks/@xpack-dev-tools/arm-none-eabi-gcc/10.2.1-1.1.2/.content/bin/../lib/gcc/arm-none-eabi/10.2.1/../../../../arm-none-eabi/lib/thumb/v7-m/nofp/libg_nano.a(lib_a-nano-msizer.o)
 .debug_frame   0x0000000000000778       0xb0 /Users/saptadeeppal/Library/xPacks/@xpack-dev-tools/arm-none-eabi-gcc/10.2.1-1.1.2/.content/bin/../lib/gcc/arm-none-eabi/10.2.1/../../../../arm-none-eabi/lib/thumb/v7-m/nofp/libg_nano.a(lib_a-lock.o)

.debug_str      0x0000000000000000    0x120fb
 *(.debug_str)
 .debug_str     0x0000000000000000     0x7561 ./system/src/newlib/exit.o
                                       0x76dd (size before relaxing)
 .debug_str     0x0000000000007561      0x4d5 ./system/src/newlib/sbrk.o
                                       0x6abe (size before relaxing)
 .debug_str     0x0000000000007a36      0xbc2 ./system/src/newlib/startup.o
                                       0x62c4 (size before relaxing)
 .debug_str     0x00000000000085f8     0x1504 ./system/src/newlib/syscalls.o
                                       0x800b (size before relaxing)
 .debug_str     0x0000000000009afc     0x575d ./system/src/diag/trace-impl.o
                                       0xc785 (size before relaxing)
 .debug_str     0x000000000000f259      0x81a ./system/src/diag/trace.o
                                       0x7e64 (size before relaxing)
 .debug_str     0x000000000000fa73      0x203 ./system/src/cortexm/exception-handlers.o
                                       0xd903 (size before relaxing)
 .debug_str     0x000000000000fc76       0x5d ./system/src/cortexm/initialize-hardware.o
                                       0x8c54 (size before relaxing)
 .debug_str     0x000000000000fcd3       0x8e ./system/src/cmsis/system_DEVICE.o
                                       0x8c03 (size before relaxing)
 .debug_str     0x000000000000fd61       0x54 ./system/src/cmsis/vectors_DEVICE.o
                                       0x37fd (size before relaxing)
 .debug_str     0x000000000000fdb5     0x2160 ./src/main.o
                                       0xf976 (size before relaxing)
 .debug_str     0x0000000000011f15      0x1e6 ./src/timer.o
                                       0x917d (size before relaxing)

.debug_loc      0x0000000000000000      0xae7
 *(.debug_loc)
 .debug_loc     0x0000000000000000       0x15 ./system/src/newlib/exit.o
 .debug_loc     0x0000000000000015       0x97 ./system/src/newlib/sbrk.o
 .debug_loc     0x00000000000000ac      0x2de ./system/src/newlib/startup.o
 .debug_loc     0x000000000000038a       0x6f ./system/src/newlib/syscalls.o
 .debug_loc     0x00000000000003f9      0x194 ./system/src/diag/trace-impl.o
 .debug_loc     0x000000000000058d      0x118 ./system/src/diag/trace.o
 .debug_loc     0x00000000000006a5      0x35c ./system/src/cortexm/exception-handlers.o
 .debug_loc     0x0000000000000a01       0x83 ./src/main.o
 .debug_loc     0x0000000000000a84       0x63 ./src/timer.o

.debug_macinfo
 *(.debug_macinfo)

.debug_weaknames
 *(.debug_weaknames)

.debug_funcnames
 *(.debug_funcnames)

.debug_typenames
 *(.debug_typenames)

.debug_varnames
 *(.debug_varnames)
OUTPUT(Ring_Comm.elf elf32-littlearm)
LOAD linker stubs

.debug_ranges   0x0000000000000000      0x1e8
 .debug_ranges  0x0000000000000000       0x18 ./system/src/newlib/exit.o
 .debug_ranges  0x0000000000000018       0x10 ./system/src/newlib/sbrk.o
 .debug_ranges  0x0000000000000028       0x30 ./system/src/newlib/startup.o
 .debug_ranges  0x0000000000000058       0x20 ./system/src/newlib/syscalls.o
 .debug_ranges  0x0000000000000078       0x38 ./system/src/diag/trace-impl.o
 .debug_ranges  0x00000000000000b0       0x28 ./system/src/diag/trace.o
 .debug_ranges  0x00000000000000d8       0x98 ./system/src/cortexm/exception-handlers.o
 .debug_ranges  0x0000000000000170       0x18 ./system/src/cortexm/initialize-hardware.o
 .debug_ranges  0x0000000000000188       0x18 ./system/src/cmsis/system_DEVICE.o
 .debug_ranges  0x00000000000001a0       0x10 ./system/src/cmsis/vectors_DEVICE.o
 .debug_ranges  0x00000000000001b0       0x10 ./src/main.o
 .debug_ranges  0x00000000000001c0       0x28 ./src/timer.o

.debug_macro    0x0000000000000000     0x3e79
 .debug_macro   0x0000000000000000      0x1ae ./system/src/newlib/exit.o
 .debug_macro   0x00000000000001ae      0x163 ./system/src/newlib/sbrk.o
 .debug_macro   0x0000000000000311      0x174 ./system/src/newlib/sbrk.o
 .debug_macro   0x0000000000000485       0x10 ./system/src/newlib/sbrk.o
 .debug_macro   0x0000000000000495      0x23b ./system/src/newlib/sbrk.o
 .debug_macro   0x00000000000006d0      0x15f ./system/src/newlib/startup.o
 .debug_macro   0x000000000000082f      0x220 ./system/src/newlib/syscalls.o
 .debug_macro   0x0000000000000a4f       0x1c ./system/src/newlib/syscalls.o
 .debug_macro   0x0000000000000a6b       0x10 ./system/src/newlib/syscalls.o
 .debug_macro   0x0000000000000a7b       0x10 ./system/src/newlib/syscalls.o
 .debug_macro   0x0000000000000a8b       0x10 ./system/src/newlib/syscalls.o
 .debug_macro   0x0000000000000a9b       0x35 ./system/src/newlib/syscalls.o
 .debug_macro   0x0000000000000ad0      0x12c ./system/src/newlib/syscalls.o
 .debug_macro   0x0000000000000bfc       0xce ./system/src/newlib/syscalls.o
 .debug_macro   0x0000000000000cca       0x7c ./system/src/newlib/syscalls.o
 .debug_macro   0x0000000000000d46       0x17 ./system/src/newlib/syscalls.o
 .debug_macro   0x0000000000000d5d      0x118 ./system/src/newlib/syscalls.o
 .debug_macro   0x0000000000000e75      0x189 ./system/src/newlib/syscalls.o
 .debug_macro   0x0000000000000ffe       0x16 ./system/src/newlib/syscalls.o
 .debug_macro   0x0000000000001014      0x1d3 ./system/src/diag/trace-impl.o
 .debug_macro   0x00000000000011e7       0x2b ./system/src/diag/trace-impl.o
 .debug_macro   0x0000000000001212       0x1c ./system/src/diag/trace-impl.o
 .debug_macro   0x000000000000122e       0x22 ./system/src/diag/trace-impl.o
 .debug_macro   0x0000000000001250       0xbd ./system/src/diag/trace-impl.o
 .debug_macro   0x000000000000130d      0xd15 ./system/src/diag/trace-impl.o
 .debug_macro   0x0000000000002022       0x43 ./system/src/diag/trace-impl.o
 .debug_macro   0x0000000000002065       0x10 ./system/src/diag/trace-impl.o
 .debug_macro   0x0000000000002075       0xcf ./system/src/diag/trace-impl.o
 .debug_macro   0x0000000000002144       0x20 ./system/src/diag/trace-impl.o
 .debug_macro   0x0000000000002164       0xbe ./system/src/diag/trace-impl.o
 .debug_macro   0x0000000000002222       0x22 ./system/src/diag/trace-impl.o
 .debug_macro   0x0000000000002244      0x1f5 ./system/src/diag/trace.o
 .debug_macro   0x0000000000002439       0x16 ./system/src/diag/trace.o
 .debug_macro   0x000000000000244f       0x97 ./system/src/diag/trace.o
 .debug_macro   0x00000000000024e6       0xfd ./system/src/diag/trace.o
 .debug_macro   0x00000000000025e3       0x10 ./system/src/diag/trace.o
 .debug_macro   0x00000000000025f3       0x16 ./system/src/diag/trace.o
 .debug_macro   0x0000000000002609      0x16f ./system/src/diag/trace.o
 .debug_macro   0x0000000000002778       0x4c ./system/src/diag/trace.o
 .debug_macro   0x00000000000027c4       0x16 ./system/src/diag/trace.o
 .debug_macro   0x00000000000027da      0x231 ./system/src/cortexm/exception-handlers.o
 .debug_macro   0x0000000000002a0b       0x10 ./system/src/cortexm/exception-handlers.o
 .debug_macro   0x0000000000002a1b       0x78 ./system/src/cortexm/initialize-hardware.o
 .debug_macro   0x0000000000002a93       0x86 ./system/src/cmsis/system_DEVICE.o
 .debug_macro   0x0000000000002b19       0x34 ./system/src/cmsis/vectors_DEVICE.o
 .debug_macro   0x0000000000002b4d      0x2aa ./src/main.o
 .debug_macro   0x0000000000002df7       0x97 ./src/main.o
 .debug_macro   0x0000000000002e8e      0x104 ./src/main.o
 .debug_macro   0x0000000000002f92      0x137 ./src/main.o
 .debug_macro   0x00000000000030c9      0xd15 ./src/main.o
 .debug_macro   0x0000000000003dde       0x8b ./src/timer.o
 .debug_macro   0x0000000000003e69       0x10 ./src/timer.o
